
Slaven Matkovic@LAPTOP-1GMREIHT MINGW64 /d/PROGRAMACIÓN/Visual Studio Code/Ejercicios; Ejemplos/Nimrodel Pub Restaurant Final/Nimrodel Pub Restaurant
$ git init
Initialized empty Git repository in D:/PROGRAMACIÓN/Visual Studio Code/Ejercicios; Ejemplos/Nimrodel Pub Restaurant Final/Nimrodel Pub Restaurant/.git/

Slaven Matkovic@LAPTOP-1GMREIHT MINGW64 /d/PROGRAMACIÓN/Visual Studio Code/Ejercicios; Ejemplos/Nimrodel Pub Restaurant Final/Nimrodel Pub Restaurant (master)
$ git status
On branch master

No commits yet

Untracked files:
  (use "git add <file>..." to include in what will be committed)
        Assets/
        NimrodelPubRestaurant.html

nothing added to commit but untracked files present (use "git add" to track)

Slaven Matkovic@LAPTOP-1GMREIHT MINGW64 /d/PROGRAMACIÓN/Visual Studio Code/Ejercicios; Ejemplos/Nimrodel Pub Restaurant Final/Nimrodel Pub Restaurant (master)
$ git add .

Slaven Matkovic@LAPTOP-1GMREIHT MINGW64 /d/PROGRAMACIÓN/Visual Studio Code/Ejercicios; Ejemplos/Nimrodel Pub Restaurant Final/Nimrodel Pub Restaurant (master)
$ git status
On branch master

No commits yet

Changes to be committed:
  (use "git rm --cached <file>..." to unstage)
        new file:   Assets/CSS/style.css
        new file:   Assets/JS/script.js
        new file:   Assets/img/bebidas.jpg
        new file:   Assets/img/chorillana.jpg
        new file:   Assets/img/fondo.jpg
        new file:   Assets/img/mojito.jpg
        new file:   Assets/img/n.png
        new file:   Assets/img/shop.jpeg
        new file:   Assets/img/tablas.jpg
        new file:   Assets/img/vino.jpg
        new file:   NimrodelPubRestaurant.html


Slaven Matkovic@LAPTOP-1GMREIHT MINGW64 /d/PROGRAMACIÓN/Visual Studio Code/Ejercicios; Ejemplos/Nimrodel Pub Restaurant Final/Nimrodel Pub Restaurant (master)
$ git commit -m "Commit 1 Nimrodel"
[master (root-commit) 585fbd1] Commit 1 Nimrodel
 11 files changed, 1278 insertions(+)
 create mode 100644 Assets/CSS/style.css
 create mode 100644 Assets/JS/script.js
 create mode 100644 Assets/img/bebidas.jpg
 create mode 100644 Assets/img/chorillana.jpg
 create mode 100644 Assets/img/fondo.jpg
 create mode 100644 Assets/img/mojito.jpg
 create mode 100644 Assets/img/n.png
 create mode 100644 Assets/img/shop.jpeg
 create mode 100644 Assets/img/tablas.jpg
 create mode 100644 Assets/img/vino.jpg
 create mode 100644 NimrodelPubRestaurant.html

Slaven Matkovic@LAPTOP-1GMREIHT MINGW64 /d/PROGRAMACIÓN/Visual Studio Code/Ejercicios; Ejemplos/Nimrodel Pub Restaurant Final/Nimrodel Pub Restaurant (master)
$ git log
commit 585fbd14dbbc7fc413aa78efb57dc655c62d6169 (HEAD -> master)
Author: Slaven Matkovic <s.matkovic.b@gmail.com>
Date:   Fri May 5 11:05:06 2023 -0400

    Commit 1 Nimrodel

Slaven Matkovic@LAPTOP-1GMREIHT MINGW64 /d/PROGRAMACIÓN/Visual Studio Code/Ejercicios; Ejemplos/Nimrodel Pub Restaurant Final/Nimrodel Pub Restaurant (master)
$ git commit -m "Commit 2 Nimrodel"
[master 89b99be] Commit 2 Nimrodel
 3 files changed, 4 insertions(+), 1 deletion(-)
 create mode 100644 Assets/img/IMG1.jpg
 create mode 100644 Assets/img/IMG2.jpg

Slaven Matkovic@LAPTOP-1GMREIHT MINGW64 /d/PROGRAMACIÓN/Visual Studio Code/Ejercicios; Ejemplos/Nimrodel Pub Restaurant Final/Nimrodel Pub Restaurant (master)
$ git log
commit 89b99be6857cf4c51ffce26730ddd5812a00c9bd (HEAD -> master)
Author: Slaven Matkovic <s.matkovic.b@gmail.com>
Date:   Fri May 5 11:16:20 2023 -0400

    Commit 2 Nimrodel

commit 585fbd14dbbc7fc413aa78efb57dc655c62d6169
Author: Slaven Matkovic <s.matkovic.b@gmail.com>
Date:   Fri May 5 11:05:06 2023 -0400

    Commit 1 Nimrodel

Slaven Matkovic@LAPTOP-1GMREIHT MINGW64 /d/PROGRAMACIÓN/Visual Studio Code/Ejercicios; Ejemplos/Nimrodel Pub Restaurant Final/Nimrodel Pub Restaurant (master)
$ git status
On branch master
Changes not staged for commit:
  (use "git add <file>..." to update what will be committed)
  (use "git restore <file>..." to discard changes in working directory)
        modified:   Assets/JS/script.js
        modified:   NimrodelPubRestaurant.html

Untracked files:
  (use "git add <file>..." to include in what will be committed)
        Assets/img/Color_negro.jpg

no changes added to commit (use "git add" and/or "git commit -a")

Slaven Matkovic@LAPTOP-1GMREIHT MINGW64 /d/PROGRAMACIÓN/Visual Studio Code/Ejercicios; Ejemplos/Nimrodel Pub Restaurant Final/Nimrodel Pub Restaurant (master)
$ git add .

Slaven Matkovic@LAPTOP-1GMREIHT MINGW64 /d/PROGRAMACIÓN/Visual Studio Code/Ejercicios; Ejemplos/Nimrodel Pub Restaurant Final/Nimrodel Pub Restaurant (master)
$ git status
On branch master
Changes to be committed:
  (use "git restore --staged <file>..." to unstage)
        modified:   Assets/JS/script.js
        new file:   Assets/img/Color_negro.jpg
        modified:   NimrodelPubRestaurant.html


Slaven Matkovic@LAPTOP-1GMREIHT MINGW64 /d/PROGRAMACIÓN/Visual Studio Code/Ejercicios; Ejemplos/Nimrodel Pub Restaurant Final/Nimrodel Pub Restaurant (master)
$ git commit -m "Commit 3 Nimrodel"
[master e6d969e] Commit 3 Nimrodel
 3 files changed, 116 insertions(+), 6 deletions(-)
 create mode 100644 Assets/img/Color_negro.jpg

Slaven Matkovic@LAPTOP-1GMREIHT MINGW64 /d/PROGRAMACIÓN/Visual Studio Code/Ejercicios; Ejemplos/Nimrodel Pub Restaurant Final/Nimrodel Pub Restaurant (master)
$ git log
commit e6d969e7148c6f182707c08ca2623f3308342e0b (HEAD -> master)
Author: Slaven Matkovic <s.matkovic.b@gmail.com>
Date:   Fri May 5 12:12:53 2023 -0400

    Commit 3 Nimrodel

commit 89b99be6857cf4c51ffce26730ddd5812a00c9bd
Author: Slaven Matkovic <s.matkovic.b@gmail.com>
Date:   Fri May 5 11:16:20 2023 -0400

    Commit 2 Nimrodel

commit 585fbd14dbbc7fc413aa78efb57dc655c62d6169
Author: Slaven Matkovic <s.matkovic.b@gmail.com>
Date:   Fri May 5 11:05:06 2023 -0400

    Commit 1 Nimrodel

Slaven Matkovic@LAPTOP-1GMREIHT MINGW64 /d/PROGRAMACIÓN/Visual Studio Code/Ejercicios; Ejemplos/Nimrodel Pub Restaurant Final/Nimrodel Pub Restaurant (master)
$
